../Drivers/STM32L4xx_HAL_Driver/Src/stm32l4xx_hal_nand.c:159:20:HAL_NAND_Init	24	static
../Drivers/STM32L4xx_HAL_Driver/Src/stm32l4xx_hal_nand.c:212:19:HAL_NAND_DeInit	16	static
../Drivers/STM32L4xx_HAL_Driver/Src/stm32l4xx_hal_nand.c:245:13:HAL_NAND_MspInit	16	static
../Drivers/STM32L4xx_HAL_Driver/Src/stm32l4xx_hal_nand.c:261:13:HAL_NAND_MspDeInit	16	static
../Drivers/STM32L4xx_HAL_Driver/Src/stm32l4xx_hal_nand.c:278:6:HAL_NAND_IRQHandler	16	static
../Drivers/STM32L4xx_HAL_Driver/Src/stm32l4xx_hal_nand.c:344:13:HAL_NAND_ITCallback	16	static
../Drivers/STM32L4xx_HAL_Driver/Src/stm32l4xx_hal_nand.c:380:19:HAL_NAND_Read_ID	32	static,ignoring_inline_asm
../Drivers/STM32L4xx_HAL_Driver/Src/stm32l4xx_hal_nand.c:451:19:HAL_NAND_Reset	24	static
../Drivers/STM32L4xx_HAL_Driver/Src/stm32l4xx_hal_nand.c:496:20:HAL_NAND_ConfigDevice	16	static
../Drivers/STM32L4xx_HAL_Driver/Src/stm32l4xx_hal_nand.c:518:19:HAL_NAND_Read_Page_8b	56	static,ignoring_inline_asm
../Drivers/STM32L4xx_HAL_Driver/Src/stm32l4xx_hal_nand.c:676:19:HAL_NAND_Read_Page_16b	56	static,ignoring_inline_asm
../Drivers/STM32L4xx_HAL_Driver/Src/stm32l4xx_hal_nand.c:844:19:HAL_NAND_Write_Page_8b	56	static,ignoring_inline_asm
../Drivers/STM32L4xx_HAL_Driver/Src/stm32l4xx_hal_nand.c:997:19:HAL_NAND_Write_Page_16b	56	static,ignoring_inline_asm
../Drivers/STM32L4xx_HAL_Driver/Src/stm32l4xx_hal_nand.c:1161:19:HAL_NAND_Read_SpareArea_8b	56	static,ignoring_inline_asm
../Drivers/STM32L4xx_HAL_Driver/Src/stm32l4xx_hal_nand.c:1326:19:HAL_NAND_Read_SpareArea_16b	56	static,ignoring_inline_asm
../Drivers/STM32L4xx_HAL_Driver/Src/stm32l4xx_hal_nand.c:1491:19:HAL_NAND_Write_SpareArea_8b	56	static,ignoring_inline_asm
../Drivers/STM32L4xx_HAL_Driver/Src/stm32l4xx_hal_nand.c:1654:19:HAL_NAND_Write_SpareArea_16b	56	static,ignoring_inline_asm
../Drivers/STM32L4xx_HAL_Driver/Src/stm32l4xx_hal_nand.c:1815:19:HAL_NAND_Erase_Block	24	static,ignoring_inline_asm
../Drivers/STM32L4xx_HAL_Driver/Src/stm32l4xx_hal_nand.c:1871:10:HAL_NAND_Address_Inc	24	static
../Drivers/STM32L4xx_HAL_Driver/Src/stm32l4xx_hal_nand.c:2052:20:HAL_NAND_ECC_Enable	16	static
../Drivers/STM32L4xx_HAL_Driver/Src/stm32l4xx_hal_nand.c:2084:20:HAL_NAND_ECC_Disable	16	static
../Drivers/STM32L4xx_HAL_Driver/Src/stm32l4xx_hal_nand.c:2118:20:HAL_NAND_GetECC	32	static
../Drivers/STM32L4xx_HAL_Driver/Src/stm32l4xx_hal_nand.c:2172:23:HAL_NAND_GetState	16	static
../Drivers/STM32L4xx_HAL_Driver/Src/stm32l4xx_hal_nand.c:2183:10:HAL_NAND_Read_Status	24	static
