../Drivers/STM32L4xx_HAL_Driver/Src/stm32l4xx_hal_irda.c:337:19:HAL_IRDA_Init	16	static
../Drivers/STM32L4xx_HAL_Driver/Src/stm32l4xx_hal_irda.c:402:19:HAL_IRDA_DeInit	16	static
../Drivers/STM32L4xx_HAL_Driver/Src/stm32l4xx_hal_irda.c:445:13:HAL_IRDA_MspInit	16	static
../Drivers/STM32L4xx_HAL_Driver/Src/stm32l4xx_hal_irda.c:461:13:HAL_IRDA_MspDeInit	16	static
../Drivers/STM32L4xx_HAL_Driver/Src/stm32l4xx_hal_irda.c:806:19:HAL_IRDA_Transmit	48	static
../Drivers/STM32L4xx_HAL_Driver/Src/stm32l4xx_hal_irda.c:895:19:HAL_IRDA_Receive	48	static
../Drivers/STM32L4xx_HAL_Driver/Src/stm32l4xx_hal_irda.c:985:19:HAL_IRDA_Transmit_IT	24	static
../Drivers/STM32L4xx_HAL_Driver/Src/stm32l4xx_hal_irda.c:1034:19:HAL_IRDA_Receive_IT	24	static
../Drivers/STM32L4xx_HAL_Driver/Src/stm32l4xx_hal_irda.c:1107:19:HAL_IRDA_Transmit_DMA	24	static
../Drivers/STM32L4xx_HAL_Driver/Src/stm32l4xx_hal_irda.c:1187:19:HAL_IRDA_Receive_DMA	24	static
../Drivers/STM32L4xx_HAL_Driver/Src/stm32l4xx_hal_irda.c:1266:19:HAL_IRDA_DMAPause	16	static
../Drivers/STM32L4xx_HAL_Driver/Src/stm32l4xx_hal_irda.c:1304:19:HAL_IRDA_DMAResume	16	static
../Drivers/STM32L4xx_HAL_Driver/Src/stm32l4xx_hal_irda.c:1342:19:HAL_IRDA_DMAStop	16	static
../Drivers/STM32L4xx_HAL_Driver/Src/stm32l4xx_hal_irda.c:1419:19:HAL_IRDA_Abort	16	static
../Drivers/STM32L4xx_HAL_Driver/Src/stm32l4xx_hal_irda.c:1510:19:HAL_IRDA_AbortTransmit	16	static
../Drivers/STM32L4xx_HAL_Driver/Src/stm32l4xx_hal_irda.c:1566:19:HAL_IRDA_AbortReceive	16	static
../Drivers/STM32L4xx_HAL_Driver/Src/stm32l4xx_hal_irda.c:1628:19:HAL_IRDA_Abort_IT	24	static
../Drivers/STM32L4xx_HAL_Driver/Src/stm32l4xx_hal_irda.c:1765:19:HAL_IRDA_AbortTransmit_IT	16	static
../Drivers/STM32L4xx_HAL_Driver/Src/stm32l4xx_hal_irda.c:1847:19:HAL_IRDA_AbortReceive_IT	16	static
../Drivers/STM32L4xx_HAL_Driver/Src/stm32l4xx_hal_irda.c:1927:6:HAL_IRDA_IRQHandler	40	static
../Drivers/STM32L4xx_HAL_Driver/Src/stm32l4xx_hal_irda.c:2107:13:HAL_IRDA_TxCpltCallback	16	static
../Drivers/STM32L4xx_HAL_Driver/Src/stm32l4xx_hal_irda.c:2123:13:HAL_IRDA_TxHalfCpltCallback	16	static
../Drivers/STM32L4xx_HAL_Driver/Src/stm32l4xx_hal_irda.c:2139:13:HAL_IRDA_RxCpltCallback	16	static
../Drivers/STM32L4xx_HAL_Driver/Src/stm32l4xx_hal_irda.c:2155:13:HAL_IRDA_RxHalfCpltCallback	16	static
../Drivers/STM32L4xx_HAL_Driver/Src/stm32l4xx_hal_irda.c:2171:13:HAL_IRDA_ErrorCallback	16	static
../Drivers/STM32L4xx_HAL_Driver/Src/stm32l4xx_hal_irda.c:2187:13:HAL_IRDA_AbortCpltCallback	16	static
../Drivers/STM32L4xx_HAL_Driver/Src/stm32l4xx_hal_irda.c:2203:13:HAL_IRDA_AbortTransmitCpltCallback	16	static
../Drivers/STM32L4xx_HAL_Driver/Src/stm32l4xx_hal_irda.c:2219:13:HAL_IRDA_AbortReceiveCpltCallback	16	static
../Drivers/STM32L4xx_HAL_Driver/Src/stm32l4xx_hal_irda.c:2258:23:HAL_IRDA_GetState	24	static
../Drivers/STM32L4xx_HAL_Driver/Src/stm32l4xx_hal_irda.c:2275:10:HAL_IRDA_GetError	16	static
../Drivers/STM32L4xx_HAL_Driver/Src/stm32l4xx_hal_irda.c:2319:26:IRDA_SetConfig	32	static
../Drivers/STM32L4xx_HAL_Driver/Src/stm32l4xx_hal_irda.c:2429:26:IRDA_CheckIdleState	32	static
../Drivers/STM32L4xx_HAL_Driver/Src/stm32l4xx_hal_irda.c:2481:26:IRDA_WaitOnFlagUntilTimeout	24	static
../Drivers/STM32L4xx_HAL_Driver/Src/stm32l4xx_hal_irda.c:2520:13:IRDA_EndTxTransfer	16	static
../Drivers/STM32L4xx_HAL_Driver/Src/stm32l4xx_hal_irda.c:2539:13:IRDA_EndRxTransfer	16	static
../Drivers/STM32L4xx_HAL_Driver/Src/stm32l4xx_hal_irda.c:2560:13:IRDA_DMATransmitCplt	24	static
../Drivers/STM32L4xx_HAL_Driver/Src/stm32l4xx_hal_irda.c:2596:13:IRDA_DMATransmitHalfCplt	24	static
../Drivers/STM32L4xx_HAL_Driver/Src/stm32l4xx_hal_irda.c:2615:13:IRDA_DMAReceiveCplt	24	static
../Drivers/STM32L4xx_HAL_Driver/Src/stm32l4xx_hal_irda.c:2651:13:IRDA_DMAReceiveHalfCplt	24	static
../Drivers/STM32L4xx_HAL_Driver/Src/stm32l4xx_hal_irda.c:2670:13:IRDA_DMAError	24	static
../Drivers/STM32L4xx_HAL_Driver/Src/stm32l4xx_hal_irda.c:2710:13:IRDA_DMAAbortOnError	24	static
../Drivers/STM32L4xx_HAL_Driver/Src/stm32l4xx_hal_irda.c:2733:13:IRDA_DMATxAbortCallback	24	static
../Drivers/STM32L4xx_HAL_Driver/Src/stm32l4xx_hal_irda.c:2781:13:IRDA_DMARxAbortCallback	24	static
../Drivers/STM32L4xx_HAL_Driver/Src/stm32l4xx_hal_irda.c:2829:13:IRDA_DMATxOnlyAbortCallback	24	static
../Drivers/STM32L4xx_HAL_Driver/Src/stm32l4xx_hal_irda.c:2856:13:IRDA_DMARxOnlyAbortCallback	24	static
../Drivers/STM32L4xx_HAL_Driver/Src/stm32l4xx_hal_irda.c:2886:13:IRDA_Transmit_IT	24	static
../Drivers/STM32L4xx_HAL_Driver/Src/stm32l4xx_hal_irda.c:2929:13:IRDA_EndTransmit_IT	16	static
../Drivers/STM32L4xx_HAL_Driver/Src/stm32l4xx_hal_irda.c:2954:13:IRDA_Receive_IT	24	static
