../Drivers/STM32L4xx_HAL_Driver/Src/stm32l4xx_hal_smartcard.c:332:19:HAL_SMARTCARD_Init	16	static
../Drivers/STM32L4xx_HAL_Driver/Src/stm32l4xx_hal_smartcard.c:405:19:HAL_SMARTCARD_DeInit	16	static
../Drivers/STM32L4xx_HAL_Driver/Src/stm32l4xx_hal_smartcard.c:455:13:HAL_SMARTCARD_MspInit	16	static
../Drivers/STM32L4xx_HAL_Driver/Src/stm32l4xx_hal_smartcard.c:471:13:HAL_SMARTCARD_MspDeInit	16	static
../Drivers/STM32L4xx_HAL_Driver/Src/stm32l4xx_hal_smartcard.c:825:19:HAL_SMARTCARD_Transmit	40	static
../Drivers/STM32L4xx_HAL_Driver/Src/stm32l4xx_hal_smartcard.c:931:19:HAL_SMARTCARD_Receive	40	static
../Drivers/STM32L4xx_HAL_Driver/Src/stm32l4xx_hal_smartcard.c:999:19:HAL_SMARTCARD_Transmit_IT	24	static
../Drivers/STM32L4xx_HAL_Driver/Src/stm32l4xx_hal_smartcard.c:1107:19:HAL_SMARTCARD_Receive_IT	24	static
../Drivers/STM32L4xx_HAL_Driver/Src/stm32l4xx_hal_smartcard.c:1182:19:HAL_SMARTCARD_Transmit_DMA	24	static
../Drivers/STM32L4xx_HAL_Driver/Src/stm32l4xx_hal_smartcard.c:1280:19:HAL_SMARTCARD_Receive_DMA	24	static
../Drivers/STM32L4xx_HAL_Driver/Src/stm32l4xx_hal_smartcard.c:1360:19:HAL_SMARTCARD_Abort	16	static
../Drivers/STM32L4xx_HAL_Driver/Src/stm32l4xx_hal_smartcard.c:1459:19:HAL_SMARTCARD_AbortTransmit	16	static
../Drivers/STM32L4xx_HAL_Driver/Src/stm32l4xx_hal_smartcard.c:1527:19:HAL_SMARTCARD_AbortReceive	16	static
../Drivers/STM32L4xx_HAL_Driver/Src/stm32l4xx_hal_smartcard.c:1601:19:HAL_SMARTCARD_Abort_IT	24	static
../Drivers/STM32L4xx_HAL_Driver/Src/stm32l4xx_hal_smartcard.c:1751:19:HAL_SMARTCARD_AbortTransmit_IT	16	static
../Drivers/STM32L4xx_HAL_Driver/Src/stm32l4xx_hal_smartcard.c:1851:19:HAL_SMARTCARD_AbortReceive_IT	16	static
../Drivers/STM32L4xx_HAL_Driver/Src/stm32l4xx_hal_smartcard.c:1951:6:HAL_SMARTCARD_IRQHandler	40	static
../Drivers/STM32L4xx_HAL_Driver/Src/stm32l4xx_hal_smartcard.c:2265:13:HAL_SMARTCARD_TxCpltCallback	16	static
../Drivers/STM32L4xx_HAL_Driver/Src/stm32l4xx_hal_smartcard.c:2281:13:HAL_SMARTCARD_RxCpltCallback	16	static
../Drivers/STM32L4xx_HAL_Driver/Src/stm32l4xx_hal_smartcard.c:2297:13:HAL_SMARTCARD_ErrorCallback	16	static
../Drivers/STM32L4xx_HAL_Driver/Src/stm32l4xx_hal_smartcard.c:2313:13:HAL_SMARTCARD_AbortCpltCallback	16	static
../Drivers/STM32L4xx_HAL_Driver/Src/stm32l4xx_hal_smartcard.c:2329:13:HAL_SMARTCARD_AbortTransmitCpltCallback	16	static
../Drivers/STM32L4xx_HAL_Driver/Src/stm32l4xx_hal_smartcard.c:2345:13:HAL_SMARTCARD_AbortReceiveCpltCallback	16	static
../Drivers/STM32L4xx_HAL_Driver/Src/stm32l4xx_hal_smartcard.c:2384:28:HAL_SMARTCARD_GetState	24	static
../Drivers/STM32L4xx_HAL_Driver/Src/stm32l4xx_hal_smartcard.c:2401:10:HAL_SMARTCARD_GetError	16	static
../Drivers/STM32L4xx_HAL_Driver/Src/stm32l4xx_hal_smartcard.c:2451:26:SMARTCARD_SetConfig	32	static
../Drivers/STM32L4xx_HAL_Driver/Src/stm32l4xx_hal_smartcard.c:2612:13:SMARTCARD_AdvFeatureConfig	16	static
../Drivers/STM32L4xx_HAL_Driver/Src/stm32l4xx_hal_smartcard.c:2674:26:SMARTCARD_CheckIdleState	32	static
../Drivers/STM32L4xx_HAL_Driver/Src/stm32l4xx_hal_smartcard.c:2728:26:SMARTCARD_WaitOnFlagUntilTimeout	24	static
../Drivers/STM32L4xx_HAL_Driver/Src/stm32l4xx_hal_smartcard.c:2767:13:SMARTCARD_EndTxTransfer	16	static
../Drivers/STM32L4xx_HAL_Driver/Src/stm32l4xx_hal_smartcard.c:2788:13:SMARTCARD_EndRxTransfer	16	static
../Drivers/STM32L4xx_HAL_Driver/Src/stm32l4xx_hal_smartcard.c:2809:13:SMARTCARD_DMATransmitCplt	24	static
../Drivers/STM32L4xx_HAL_Driver/Src/stm32l4xx_hal_smartcard.c:2828:13:SMARTCARD_DMAReceiveCplt	24	static
../Drivers/STM32L4xx_HAL_Driver/Src/stm32l4xx_hal_smartcard.c:2859:13:SMARTCARD_DMAError	24	static
../Drivers/STM32L4xx_HAL_Driver/Src/stm32l4xx_hal_smartcard.c:2899:13:SMARTCARD_DMAAbortOnError	24	static
../Drivers/STM32L4xx_HAL_Driver/Src/stm32l4xx_hal_smartcard.c:2922:13:SMARTCARD_DMATxAbortCallback	24	static
../Drivers/STM32L4xx_HAL_Driver/Src/stm32l4xx_hal_smartcard.c:2971:13:SMARTCARD_DMARxAbortCallback	24	static
../Drivers/STM32L4xx_HAL_Driver/Src/stm32l4xx_hal_smartcard.c:3020:13:SMARTCARD_DMATxOnlyAbortCallback	24	static
../Drivers/STM32L4xx_HAL_Driver/Src/stm32l4xx_hal_smartcard.c:3049:13:SMARTCARD_DMARxOnlyAbortCallback	24	static
../Drivers/STM32L4xx_HAL_Driver/Src/stm32l4xx_hal_smartcard.c:3081:13:SMARTCARD_TxISR	16	static
../Drivers/STM32L4xx_HAL_Driver/Src/stm32l4xx_hal_smartcard.c:3155:13:SMARTCARD_EndTransmit_IT	16	static
../Drivers/STM32L4xx_HAL_Driver/Src/stm32l4xx_hal_smartcard.c:3208:13:SMARTCARD_RxISR	16	static
