../Drivers/BSP/STWIN/STWIN_sd.c:40:9:BSP_SD_Init	16	static
../Drivers/BSP/STWIN/STWIN_sd.c:76:6:BSP_SD_Detect_Init	32	static
../Drivers/BSP/STWIN/STWIN_sd.c:94:9:BSP_SD_IsDetected	8	static
../Drivers/BSP/STWIN/STWIN_sd.c:113:6:BSP_SD_DetectIT	8	static
../Drivers/BSP/STWIN/STWIN_sd.c:123:13:BSP_SD_DetectCallback	4	static
../Drivers/BSP/STWIN/STWIN_sd.c:142:9:BSP_SD_ReadBlocks	40	static
../Drivers/BSP/STWIN/STWIN_sd.c:165:9:BSP_SD_WriteBlocks	40	static
../Drivers/BSP/STWIN/STWIN_sd.c:187:9:BSP_SD_ReadBlocks_DMA	32	static
../Drivers/BSP/STWIN/STWIN_sd.c:210:9:BSP_SD_WriteBlocks_DMA	32	static
../Drivers/BSP/STWIN/STWIN_sd.c:232:9:BSP_SD_Erase	24	static
../Drivers/BSP/STWIN/STWIN_sd.c:244:6:BSP_SD_MspInit	48	static
../Drivers/BSP/STWIN/STWIN_sd.c:277:6:BSP_SD_MspDeInit	16	static
../Drivers/BSP/STWIN/STWIN_sd.c:305:6:BSP_SD_IRQHandler	8	static
../Drivers/BSP/STWIN/STWIN_sd.c:322:9:BSP_SD_GetCardState	8	static
../Drivers/BSP/STWIN/STWIN_sd.c:332:6:BSP_SD_GetCardInfo	16	static
../Drivers/BSP/STWIN/STWIN_sd.c:346:6:HAL_SD_AbortCallback	16	static
../Drivers/BSP/STWIN/STWIN_sd.c:357:6:HAL_SD_TxCpltCallback	16	static
../Drivers/BSP/STWIN/STWIN_sd.c:368:6:HAL_SD_RxCpltCallback	16	static
../Drivers/BSP/STWIN/STWIN_sd.c:379:13:BSP_SD_AbortCallback	4	static
../Drivers/BSP/STWIN/STWIN_sd.c:388:13:BSP_SD_WriteCpltCallback	4	static
../Drivers/BSP/STWIN/STWIN_sd.c:397:13:BSP_SD_ReadCpltCallback	4	static
