../Drivers/BSP/Components/adau1978/adau1978.c:88:9:ADAU1978_RegisterBusIO	24	static
../Drivers/BSP/Components/adau1978/adau1978.c:128:9:ADAU1978_Init	40	static
../Drivers/BSP/Components/adau1978/adau1978.c:302:9:ADAU1978_DeInit	16	static
../Drivers/BSP/Components/adau1978/adau1978.c:323:9:ADAU1978_ReadID	16	static
../Drivers/BSP/Components/adau1978/adau1978.c:331:9:ADAU1978_Play	16	static
../Drivers/BSP/Components/adau1978/adau1978.c:347:9:ADAU1978_Pause	16	static
../Drivers/BSP/Components/adau1978/adau1978.c:367:9:ADAU1978_Resume	16	static
../Drivers/BSP/Components/adau1978/adau1978.c:386:9:ADAU1978_Stop	16	static
../Drivers/BSP/Components/adau1978/adau1978.c:407:9:ADAU1978_SetVolume	32	static
../Drivers/BSP/Components/adau1978/adau1978.c:438:9:ADAU1978_SetMute	16	static
../Drivers/BSP/Components/adau1978/adau1978.c:450:9:ADAU1978_SetOutputMode	16	static
../Drivers/BSP/Components/adau1978/adau1978.c:459:9:ADAU1978_SetFrequency	24	static
../Drivers/BSP/Components/adau1978/adau1978.c:497:9:ADAU1978_Reset	16	static
../Drivers/BSP/Components/adau1978/adau1978.c:508:9:ADAU1978_SetResolution	16	static
../Drivers/BSP/Components/adau1978/adau1978.c:546:9:ADAU1978_GetResolution	24	static
../Drivers/BSP/Components/adau1978/adau1978.c:558:9:ADAU1978_SetProtocol	16	static
../Drivers/BSP/Components/adau1978/adau1978.c:565:9:ADAU1978_GetProtocol	16	static
../Drivers/BSP/Components/adau1978/adau1978.c:572:9:ADAU1978_GetVolume	32	static
../Drivers/BSP/Components/adau1978/adau1978.c:613:9:ADAU1978_GetFrequency	16	static
../Drivers/BSP/Components/adau1978/adau1978.c:619:9:ADAU1978_SetChannelMapping	24	static
../Drivers/BSP/Components/adau1978/adau1978.c:645:16:ReadRegWrap	40	static
../Drivers/BSP/Components/adau1978/adau1978.c:669:16:WriteRegWrap	40	static
